// Jest Snapshot v1, https://goo.gl/fbAQLP

exports[`har antall rader 1`] = `2909`;

exports[`har n√∏kler 1`] = `
Object {
  "Kode": 2909,
  "Navn": 2909,
  "OverordnetKode": 2909,
}
`;
