// Jest Snapshot v1, https://goo.gl/fbAQLP

exports[`har antall rader 1`] = `1796`;

exports[`har n√∏kler 1`] = `
Object {
  "ElementKode": 1796,
  "Kategori": 1796,
  "Kode": 1796,
  "Navn": 1796,
  "OverordnetKode": 1796,
}
`;
