// Jest Snapshot v1, https://goo.gl/fbAQLP

exports[`har antall rader 1`] = `2909`;

exports[`har n√∏kler 1`] = `
Object {
  "foreldre": 2909,
  "kode": 2909,
  "tittel": 2909,
}
`;
